// Bun Snapshot v1, https://bun.sh/docs/test/snapshots

exports[`summaryJsonToMarkdown converts summarizer JSON and metadata into canonical summary markdown 1`] = `
"---
note_type: study_summary
study_ref: doe2024curcumin
skill_version: "1.1"
model: "claude-opus-4-5"
generated_at: "2026-03-25T22:30:00Z"
source: "fulltext"
---

## TL;DR
Curcumin improved pain and function over placebo in 12 weeks.

## Background & Rationale
The study assessed curcumin for osteoarthritis symptom relief.

## Methods
Double-blind RCT in adults with knee OA, 500mg curcumin BID vs placebo for 12 weeks.

## Key Findings
Pain scores decreased by 24% vs 9% placebo (p=0.01). No severe adverse events reported.

## Clinical / Practical Relevance
Standardized curcumin may be useful as adjunctive care for mild-to-moderate OA symptoms.

## Limitations
Single-center trial and short follow-up limit long-term generalizability.

## Compounds & Doses
- **Curcumin**: 500 mg twice daily for 12 weeks
- **Piperine**: 5 mg for unspecified

## Open Questions
Whether effects persist beyond 12 weeks and in multi-center populations.

## Structured Extraction
\`\`\`json
{
  "herb_species": [
    "Curcuma longa"
  ],
  "common_names": [
    "turmeric"
  ],
  "active_compounds": [
    "curcumin",
    "demethoxycurcumin"
  ],
  "plant_parts": [
    "rhizome"
  ],
  "extraction_types": [
    "ethanolic"
  ],
  "dosages": [
    "500 mg BID"
  ],
  "adverse_events": [
    "mild GI discomfort"
  ],
  "study_type": "RCT",
  "sample_size": 84,
  "duration": "12 weeks",
  "population": "Adults with knee osteoarthritis"
}
\`\`\`"
`;
